MPLINK 4.40, Linker
Linker Map File - Created Thu Apr 22 13:15:11 2021

                                 Section Info
                  Section       Type    Address   Location Size(Bytes)
                ---------  ---------  ---------  ---------  ---------
                   .org_0       code   0x000000    program   0x000000
                   .org_1       code   0x000000    program   0x000004
                   .org_2       code   0x000008    program   0x000002
                   .org_3       code   0x000018    program   0x00025e



                              Program Memory Usage 
                               Start         End      
                           ---------   ---------      
                            0x000000    0x000003      
                            0x000008    0x000009      
                            0x000018    0x000275      
            612 out of 33048 program addresses used, program memory utilization is 1%



                              Symbols - Sorted by Name
                     Name    Address   Location    Storage File                     
                ---------  ---------  ---------  --------- ---------                
                   AGAIN1   0x000038    program     static C:\Users\student\Desktop\D\FinalProjectt.asm
                   AGAIN2   0x00003c    program     static C:\Users\student\Desktop\D\FinalProjectt.asm
                   COUNT1   0x00026a    program     static C:\Users\student\Desktop\D\FinalProjectt.asm
                   COUNT2   0x00025e    program     static C:\Users\student\Desktop\D\FinalProjectt.asm
                    DELAY   0x000034    program     static C:\Users\student\Desktop\D\FinalProjectt.asm
               MakeItZero   0x000028    program     static C:\Users\student\Desktop\D\FinalProjectt.asm
                  button1   0x000246    program     static C:\Users\student\Desktop\D\FinalProjectt.asm
                  button2   0x00024e    program     static C:\Users\student\Desktop\D\FinalProjectt.asm
                  button3   0x000256    program     static C:\Users\student\Desktop\D\FinalProjectt.asm
                   buzzer   0x00001a    program     static C:\Users\student\Desktop\D\FinalProjectt.asm
                    start   0x000236    program     static C:\Users\student\Desktop\D\FinalProjectt.asm



                              Symbols - Sorted by Address
                     Name    Address   Location    Storage File                     
                ---------  ---------  ---------  --------- ---------                
                   buzzer   0x00001a    program     static C:\Users\student\Desktop\D\FinalProjectt.asm
               MakeItZero   0x000028    program     static C:\Users\student\Desktop\D\FinalProjectt.asm
                    DELAY   0x000034    program     static C:\Users\student\Desktop\D\FinalProjectt.asm
                   AGAIN1   0x000038    program     static C:\Users\student\Desktop\D\FinalProjectt.asm
                   AGAIN2   0x00003c    program     static C:\Users\student\Desktop\D\FinalProjectt.asm
                    start   0x000236    program     static C:\Users\student\Desktop\D\FinalProjectt.asm
                  button1   0x000246    program     static C:\Users\student\Desktop\D\FinalProjectt.asm
                  button2   0x00024e    program     static C:\Users\student\Desktop\D\FinalProjectt.asm
                  button3   0x000256    program     static C:\Users\student\Desktop\D\FinalProjectt.asm
                   COUNT2   0x00025e    program     static C:\Users\student\Desktop\D\FinalProjectt.asm
                   COUNT1   0x00026a    program     static C:\Users\student\Desktop\D\FinalProjectt.asm


